# cell T1 none seed=0 started 18:49:40
Waiting for model decision 1 / 60 (step 0)...

STEP 000 · CHECK PATH · REQUESTED ──────────────────────────────────────────────
  Waypoints                                                                     
  ├── Waypoint 1                                                                
  │   └── TCP pose                                                              
  │       ├── Position (m)  x=0.33  y=0.74  z=0.08                              
  │       └── Quaternion (xyzw)  qx=1  qy=0  qz=0  qw=0                         
  └── Waypoint 2                                                                
      └── TCP pose                                                              
          ├── Position (m)  x=0.33  y=0.74  z=0.015                             
          └── Quaternion (xyzw)  qx=1  qy=0  qz=0  qw=0                         
  Note                                                                          
    透明门处于关闭状态，先检查通往蓝色按钮的路径，准备开门。                    
STEP 000 · CHECK PATH · RESULT RECORDED
Waiting for model decision 2 / 60 (step 1)...

STEP 001 · MOVE TO · REQUESTED ─────────────────────────────────────────────────
  Target                                                                        
  └── TCP pose                                                                  
      ├── Position (m)  x=0.33  y=0.74  z=0.08                                  
      └── Quaternion (xyzw)  qx=1  qy=0  qz=0  qw=0                             
  Note                                                                          
    按钮上方路径检查无障碍，先到达预按压位置并确认稳定。                        
STEP 001 · MOVE TO · RESULT RECORDED
Waiting for model decision 3 / 60 (step 2)...

STEP 002 · MOVE TO · REQUESTED ─────────────────────────────────────────────────
  Target                                                                        
  └── TCP pose                                                                  
      ├── Position (m)  x=0.33  y=0.74  z=0.015                                 
      └── Quaternion (xyzw)  qx=1  qy=0  qz=0  qw=0                             
  Note                                                                          
    末端已在按钮正上方稳定，垂直下压并观察透明门是否打开。                      
STEP 002 · MOVE TO · RESULT RECORDED
Waiting for model decision 4 / 60 (step 3)...

STEP 003 · CHECK PATH · REQUESTED ──────────────────────────────────────────────
  Waypoints                                                                     
  ├── Waypoint 1                                                                
  │   └── TCP pose                                                              
  │       ├── Position (m)  x=0.33  y=0.74  z=0.15                              
  │       └── Quaternion (xyzw)  qx=1  qy=0  qz=0  qw=0                         
  ├── Waypoint 2                                                                
  │   └── TCP pose                                                              
  │       ├── Position (m)  x=0.665  y=0.475  z=0.15                            
  │       └── Quaternion (xyzw)  qx=1  qy=0  qz=0  qw=0                         
  └── Waypoint 3                                                                
      └── TCP pose                                                              
          ├── Position (m)  x=0.665  y=0.475  z=0.02                            
          └── Quaternion (xyzw)  qx=1  qy=0  qz=0  qw=0                         
  Note                                                                          
    图像确认透明门已打开，检查抬升后接近红方块的路径。                          
STEP 003 · CHECK PATH · RESULT RECORDED
Waiting for model decision 5 / 60 (step 4)...

STEP 004 · MOVE EEF CHUNK · REQUESTED ──────────────────────────────────────────
  Waypoints                                                                     
  ├── Waypoint 1                                                                
  │   └── TCP pose                                                              
  │       ├── Position (m)  x=0.33  y=0.74  z=0.15                              
  │       └── Quaternion (xyzw)  qx=1  qy=0  qz=0  qw=0                         
  ├── Waypoint 2                                                                
  │   └── TCP pose                                                              
  │       ├── Position (m)  x=0.665  y=0.475  z=0.15                            
  │       └── Quaternion (xyzw)  qx=1  qy=0  qz=0  qw=0                         
  └── Waypoint 3                                                                
      └── TCP pose                                                              
          ├── Position (m)  x=0.665  y=0.475  z=0.02                            
          └── Quaternion (xyzw)  qx=1  qy=0  qz=0  qw=0                         
  Note                                                                          
    接近路径检查通过，保持张爪抬升绕行后垂直对准方块，停下核验抓取位置。        
STEP 004 · MOVE EEF CHUNK · RESULT RECORDED
Waiting for model decision 6 / 60 (step 5)...

STEP 005 · SET GRIPPER · REQUESTED ─────────────────────────────────────────────
  Gripper opening (0–1)  0                                                      
  Note                                                                          
    两视图显示末端对准方块中心，位置误差小且已稳定，闭爪抓取。                  
STEP 005 · SET GRIPPER · RESULT RECORDED
Waiting for model decision 7 / 60 (step 6)...

STEP 006 · CHECK PATH · REQUESTED ──────────────────────────────────────────────
  Waypoints                                                                     
  ├── Waypoint 1                                                                
  │   └── TCP pose                                                              
  │       ├── Position (m)  x=0.665  y=0.475  z=0.15                            
  │       └── Quaternion (xyzw)  qx=1  qy=0  qz=0  qw=0                         
  ├── Waypoint 2                                                                
  │   └── TCP pose                                                              
  │       ├── Position (m)  x=0.25  y=0.25  z=0.15                              
  │       └── Quaternion (xyzw)  qx=1  qy=0  qz=0  qw=0                         
  └── Waypoint 3                                                                
      └── TCP pose                                                              
          ├── Position (m)  x=0.25  y=0.25  z=0.02                              
          └── Quaternion (xyzw)  qx=1  qy=0  qz=0  qw=0                         
  Note                                                                          
    夹爪开度与力矩确认已夹住方块，检查抬升搬运及碗内下降路径。                  
STEP 006 · CHECK PATH · RESULT RECORDED
Waiting for model decision 8 / 60 (step 7)...

STEP 007 · MOVE EEF CHUNK · REQUESTED ──────────────────────────────────────────
  Waypoints                                                                     
  ├── Waypoint 1                                                                
  │   └── TCP pose                                                              
  │       ├── Position (m)  x=0.665  y=0.475  z=0.15                            
  │       └── Quaternion (xyzw)  qx=1  qy=0  qz=0  qw=0                         
  ├── Waypoint 2                                                                
  │   └── TCP pose                                                              
  │       ├── Position (m)  x=0.25  y=0.25  z=0.15                              
  │       └── Quaternion (xyzw)  qx=1  qy=0  qz=0  qw=0                         
  └── Waypoint 3                                                                
      └── TCP pose                                                              
          ├── Position (m)  x=0.25  y=0.25  z=0.02                              
          └── Quaternion (xyzw)  qx=1  qy=0  qz=0  qw=0                         
  Note                                                                          
    搬运路径未检出障碍，保持夹持，将方块抬起移至碗中心并下降至支撑位置。        
STEP 007 · MOVE EEF CHUNK · RESULT RECORDED
Waiting for model decision 9 / 60 (step 8)...

STEP 008 · SET GRIPPER · REQUESTED ─────────────────────────────────────────────
  Gripper opening (0–1)  1                                                      
  Note                                                                          
    方块已在碗中心落至底部支撑高度，末端稳定且无位置误差。张爪释放并观察是否    
    脱离。                                                                      
STEP 008 · SET GRIPPER · RESULT RECORDED
Waiting for model decision 10 / 60 (step 9)...

STEP 009 · MOVE TO · REQUESTED ─────────────────────────────────────────────────
  Target                                                                        
  └── TCP pose                                                                  
      ├── Position (m)  x=0.25  y=0.25  z=0.15                                  
      └── Quaternion (xyzw)  qx=1  qy=0  qz=0  qw=0                             
  Note                                                                          
    张爪后方块仍在碗底，夹爪力矩已恢复低值。垂直抬起以确认方块留在碗内。        
STEP 009 · MOVE TO · RESULT RECORDED
Waiting for model decision 11 / 60 (step 10)...

STEP 010 · DONE · REQUESTED ────────────────────────────────────────────────────
  Summary                                                                       
    红方块已释放在绿碗中心；夹爪张开并抬至0.15米后，正视图确认方块仍留在碗底    
    ，与夹爪分离。透明门已打开，搬运无阻挡，无明显剩余不确定性。                
  Hindsight                                                                     
    先按按钮开门，再检查搬运路径；释放后抬爪观察，确认方块未随夹爪移动。        
Returning home...

RETURN HOME · FEEDBACK ─────────────────────────────────────────────────────────
  Joint positions rad  [0.0006186353623919115, -0.4211714206678096,             
  -1.363902224965059, 0.21723737487408118, -0.0010642662892426824,              
  0.0025973376915079706]                                                        
  Joint velocities rad s  [-0.0028404440020705795, 0.004796086272394522,        
  -0.0008322136669074078, -0.0023221151949954105, -0.00040960002272858885,      
  -0.002265041147037945]                                                        
  Joint torques nm  [0.4, 0.9, 0.6, 0.2, 0.1, 0.05]                             
  Joint command positions rad  [0.0, -0.4215639180196111, -1.364332619533904,   
  0.21510021075861863, 0.0, 0.0]                                                
  Tcp xyzrpy  [0.4999082503869759, 0.00034927222807187126, 0.3002233886282046,  
  3.1416666492512313, 0.0003533563868563219, -0.00012556208818686774]           
  Tcp xyzquat  [0.4999082503869759, 0.00034927222807187126,                     
  0.3002233886282046, 1.0, 0.0, 0.0, 0.0]                                       
  Gripper position m  0.088                                                     
  Gripper normalized  1.0                                                       
  Gripper command normalized  1.0                                               
  Gripper velocity m s  0.0                                                     
  Gripper torque nm  0.25                                                       
  Gravity compensation  true                                                    
  Timestamp s  1790074294.6244864                                               
  Sim time s  31.739999999999455                                                
  Home                                                                          
  ├── Source  gpt_policy_sim.return_home                                        
  ├── Time scale  1.0                                                           
  ├── Segment durations s  [1.9999999999999998, 3.5707142142714248]             
  ├── Target joint positions rad  [0.0, -0.4215639180196111,                    
  │   -1.364332619533904, 0.21510021075861863, 0.0, 0.0]                        
  ├── Max joint residual rad  0.001                                             
  ├── Gripper target normalized  1.0                                            
  └── Settle                                                                    
      ├── Settled  true                                                         
      ├── Method  simulated_synchronous                                         
      └── Window s  0.2                                                         
Home complete.

TASK · SUCCESS ─────────────────────────────────────────────────────────────────
Recording saved: 
/home/deneb/Projects/paper-scout/workspace/code/gpt-policy-sim/runs/T1_none_s0_2
0260922-184941_success
[sim] ground-truth success=True (cube_in_bowl=True dist_xy=0.004 cube_z=0.025 grasped=None)
[sim] recording: /home/deneb/Projects/paper-scout/workspace/code/gpt-policy-sim/runs/T1_none_s0_20260922-184941_success

# cell finished rc=0 timeout=False wall=114s
