# cell T1 none seed=1 started 18:49:40
Waiting for model decision 1 / 60 (step 0)...

STEP 000 · CHECK PATH · REQUESTED ──────────────────────────────────────────────
  Waypoints                                                                     
  ├── Waypoint 1                                                                
  │   └── TCP pose                                                              
  │       ├── Position (m)  x=0.28  y=0.69  z=0.12                              
  │       └── Quaternion (xyzw)  qx=1  qy=0  qz=0  qw=0                         
  └── Waypoint 2                                                                
      └── TCP pose                                                              
          ├── Position (m)  x=0.28  y=0.69  z=0.018                             
          └── Quaternion (xyzw)  qx=1  qy=0  qz=0  qw=0                         
  Note                                                                          
    透明闸门关闭，红块位于另一侧。先检查到蓝色按钮的路径，准备开门。            
STEP 000 · CHECK PATH · RESULT RECORDED
Waiting for model decision 2 / 60 (step 1)...

STEP 001 · MOVE TO · REQUESTED ─────────────────────────────────────────────────
  Target                                                                        
  └── TCP pose                                                                  
      ├── Position (m)  x=0.28  y=0.69  z=0.12                                  
      └── Quaternion (xyzw)  qx=1  qy=0  qz=0  qw=0                             
  Note                                                                          
    按钮上方路径检查无障碍。先到按钮上方，确认对齐后再下压。                    
STEP 001 · MOVE TO · RESULT RECORDED
Waiting for model decision 3 / 60 (step 2)...

STEP 002 · MOVE TO · REQUESTED ─────────────────────────────────────────────────
  Target                                                                        
  └── TCP pose                                                                  
      ├── Position (m)  x=0.28  y=0.69  z=0.018                                 
      └── Quaternion (xyzw)  qx=1  qy=0  qz=0  qw=0                             
  Note                                                                          
    末端已稳定对齐按钮，上方净空充足。垂直下降按压，观察闸门状态。              
STEP 002 · MOVE TO · RESULT RECORDED
Waiting for model decision 4 / 60 (step 3)...

STEP 003 · CHECK PATH · REQUESTED ──────────────────────────────────────────────
  Waypoints                                                                     
  ├── Waypoint 1                                                                
  │   └── TCP pose                                                              
  │       ├── Position (m)  x=0.28  y=0.69  z=0.15                              
  │       └── Quaternion (xyzw)  qx=1  qy=0  qz=0  qw=0                         
  ├── Waypoint 2                                                                
  │   └── TCP pose                                                              
  │       ├── Position (m)  x=0.65  y=0.545  z=0.15                             
  │       └── Quaternion (xyzw)  qx=1  qy=0  qz=0  qw=0                         
  └── Waypoint 3                                                                
      └── TCP pose                                                              
          ├── Position (m)  x=0.65  y=0.545  z=0.02                             
          └── Quaternion (xyzw)  qx=1  qy=0  qz=0  qw=0                         
  Note                                                                          
    图像确认闸门已打开。检查抬升后到红块上方及垂直抓取的路径。                  
STEP 003 · CHECK PATH · RESULT RECORDED
Waiting for model decision 5 / 60 (step 4)...

STEP 004 · MOVE EEF CHUNK · REQUESTED ──────────────────────────────────────────
  Waypoints                                                                     
  ├── Waypoint 1                                                                
  │   └── TCP pose                                                              
  │       ├── Position (m)  x=0.28  y=0.69  z=0.15                              
  │       └── Quaternion (xyzw)  qx=1  qy=0  qz=0  qw=0                         
  └── Waypoint 2                                                                
      └── TCP pose                                                              
          ├── Position (m)  x=0.65  y=0.545  z=0.15                             
          └── Quaternion (xyzw)  qx=1  qy=0  qz=0  qw=0                         
  Note                                                                          
    已检查通道无障碍，闸门保持打开。抬升并移动到红块正上方确认对齐。            
STEP 004 · MOVE EEF CHUNK · RESULT RECORDED
Waiting for model decision 6 / 60 (step 5)...

STEP 005 · MOVE TO · REQUESTED ─────────────────────────────────────────────────
  Target                                                                        
  └── TCP pose                                                                  
      ├── Position (m)  x=0.65  y=0.545  z=0.02                                 
      └── Quaternion (xyzw)  qx=1  qy=0  qz=0  qw=0                             
  Note                                                                          
    俯视确认末端对准红块，位置反馈稳定。垂直下降至抓取高度，保持夹爪张开。      
STEP 005 · MOVE TO · RESULT RECORDED
Waiting for model decision 7 / 60 (step 6)...

STEP 006 · SET GRIPPER · REQUESTED ─────────────────────────────────────────────
  Gripper opening (0–1)  0                                                      
  Note                                                                          
    末端已稳定到达红块中心高度，两视图对齐且无阻挡。闭合夹爪并检查夹持反馈。    
STEP 006 · SET GRIPPER · RESULT RECORDED
Waiting for model decision 8 / 60 (step 7)...

STEP 007 · CHECK PATH · REQUESTED ──────────────────────────────────────────────
  Waypoints                                                                     
  ├── Waypoint 1                                                                
  │   └── TCP pose                                                              
  │       ├── Position (m)  x=0.65  y=0.545  z=0.15                             
  │       └── Quaternion (xyzw)  qx=1  qy=0  qz=0  qw=0                         
  ├── Waypoint 2                                                                
  │   └── TCP pose                                                              
  │       ├── Position (m)  x=0.265  y=0.345  z=0.15                            
  │       └── Quaternion (xyzw)  qx=1  qy=0  qz=0  qw=0                         
  └── Waypoint 3                                                                
      └── TCP pose                                                              
          ├── Position (m)  x=0.265  y=0.345  z=0.025                           
          └── Quaternion (xyzw)  qx=1  qy=0  qz=0  qw=0                         
  Note                                                                          
    夹爪开度受阻且扭矩上升，图像显示夹住红块。检查抬升搬运至绿碗中心的路径。    
STEP 007 · CHECK PATH · RESULT RECORDED
Waiting for model decision 9 / 60 (step 8)...

STEP 008 · MOVE EEF CHUNK · REQUESTED ──────────────────────────────────────────
  Waypoints                                                                     
  ├── Waypoint 1                                                                
  │   └── TCP pose                                                              
  │       ├── Position (m)  x=0.65  y=0.545  z=0.15                             
  │       └── Quaternion (xyzw)  qx=1  qy=0  qz=0  qw=0                         
  └── Waypoint 2                                                                
      └── TCP pose                                                              
          ├── Position (m)  x=0.265  y=0.345  z=0.15                            
          └── Quaternion (xyzw)  qx=1  qy=0  qz=0  qw=0                         
  Note                                                                          
    红块夹持稳定，搬运路径检查无障碍。抬升并移至绿碗上方，确认对齐后下降。      
STEP 008 · MOVE EEF CHUNK · RESULT RECORDED
Waiting for model decision 10 / 60 (step 9)...

STEP 009 · MOVE TO · REQUESTED ─────────────────────────────────────────────────
  Target                                                                        
  └── TCP pose                                                                  
      ├── Position (m)  x=0.265  y=0.345  z=0.025                               
      └── Quaternion (xyzw)  qx=1  qy=0  qz=0  qw=0                             
  Note                                                                          
    红块已稳定悬于绿碗中心，夹持反馈正常。垂直下降至碗内支撑高度，暂不松爪。    
STEP 009 · MOVE TO · RESULT RECORDED
Waiting for model decision 11 / 60 (step 10)...

STEP 010 · SET GRIPPER · REQUESTED ─────────────────────────────────────────────
  Gripper opening (0–1)  1                                                      
  Note                                                                          
    红块已到碗内底部高度，投影完全位于碗内且末端稳定。张开夹爪，观察是否由碗    
    可靠承托并脱离。                                                            
STEP 010 · SET GRIPPER · RESULT RECORDED
Waiting for model decision 12 / 60 (step 11)...

STEP 011 · MOVE TO · REQUESTED ─────────────────────────────────────────────────
  Target                                                                        
  └── TCP pose                                                                  
      ├── Position (m)  x=0.265  y=0.345  z=0.15                                
      └── Quaternion (xyzw)  qx=1  qy=0  qz=0  qw=0                             
  Note                                                                          
    夹爪已全开且扭矩回落，红块仍留在碗内。垂直抬离，确认方块不随夹爪移动。      
STEP 011 · MOVE TO · RESULT RECORDED
Waiting for model decision 13 / 60 (step 12)...

STEP 012 · DONE · REQUESTED ────────────────────────────────────────────────────
  Summary                                                                       
    红方块已放入绿碗：俯视显示方块完全位于碗内，侧视显示方块留在碗底，夹爪已    
    张开并抬至0.15米，方块未随动。闸门已打开，搬运未受阻，无明显剩余不确定性    
    。                                                                          
  Hindsight                                                                     
    先按按钮开闸，再检查搬运路径；释放后抬离并确认方块留在碗内。                
Returning home...

RETURN HOME · FEEDBACK ─────────────────────────────────────────────────────────
  Joint positions rad  [0.0031390583488583143, -0.4213989840044797,             
  -1.3638146698008526, 0.2143797543666674, -0.0025717437073584986,              
  -0.0021093210793070175]                                                       
  Joint velocities rad s  [-0.0025856419696278065, -0.002272008392835525,       
  0.0012442583402184505, -0.00011043357819351777, 0.0018632977868389608,        
  0.0016507365206579838]                                                        
  Joint torques nm  [0.4, 0.9, 0.6, 0.2, 0.1, 0.05]                             
  Joint command positions rad  [0.0, -0.4215639180196111, -1.364332619533904,   
  0.21510021075861863, 0.0, 0.0]                                                
  Tcp xyzrpy  [0.500445607368528, 0.0004982490350184504, 0.3006620881443794,    
  3.1415193819747937, -0.00028804587559037035, -0.0001012222331510238]          
  Tcp xyzquat  [0.500445607368528, 0.0004982490350184504, 0.3006620881443794,   
  1.0, 0.0, 0.0, 0.0]                                                           
  Gripper position m  0.088                                                     
  Gripper normalized  1.0                                                       
  Gripper command normalized  1.0                                               
  Gripper velocity m s  0.0                                                     
  Gripper torque nm  0.25                                                       
  Gravity compensation  true                                                    
  Timestamp s  1790074295.036453                                                
  Sim time s  31.47999999999946                                                 
  Home                                                                          
  ├── Source  gpt_policy_sim.return_home                                        
  ├── Time scale  1.0                                                           
  ├── Segment durations s  [1.9999999999999998, 4.204164601915581]              
  ├── Target joint positions rad  [0.0, -0.4215639180196111,                    
  │   -1.364332619533904, 0.21510021075861863, 0.0, 0.0]                        
  ├── Max joint residual rad  0.001                                             
  ├── Gripper target normalized  1.0                                            
  └── Settle                                                                    
      ├── Settled  true                                                         
      ├── Method  simulated_synchronous                                         
      └── Window s  0.2                                                         
Home complete.

TASK · SUCCESS ─────────────────────────────────────────────────────────────────
Recording saved: 
<home>/Projects/paper-scout/workspace/code/gpt-policy-sim/runs/T1_none_s1_2
0260922-184941_success
[sim] ground-truth success=True (cube_in_bowl=True dist_xy=0.001 cube_z=0.025 grasped=None)
[sim] recording: <home>/Projects/paper-scout/workspace/code/gpt-policy-sim/runs/T1_none_s1_20260922-184941_success

# cell finished rc=0 timeout=False wall=115s
