# cell T2 demo-video seed=1 started 19:30:59
Waiting for model decision 1 / 60 (step 0)...

STEP 000 · MOVE EEF CHUNK · REQUESTED ──────────────────────────────────────────
  Waypoints                                                                     
  ├── Waypoint 1                                                                
  │   └── TCP pose                                                              
  │       ├── Position (m)  x=0.58  y=0.5  z=0.3                                
  │       └── Quaternion (xyzw)  qx=1  qy=0  qz=0  qw=0                         
  └── Waypoint 2                                                                
      └── TCP pose                                                              
          ├── Position (m)  x=0.58  y=0.5  z=0.1                                
          └── Quaternion (xyzw)  qx=1  qy=0  qz=0  qw=0                         
  Note                                                                          
    沿历史顺序先到柱子后侧上方，再下降到桌面槽内，准备水平推到标记。            
STEP 000 · MOVE EEF CHUNK · RESULT RECORDED
Waiting for model decision 2 / 60 (step 1)...

STEP 001 · SET GRIPPER · REQUESTED ─────────────────────────────────────────────
  Gripper opening (0–1)  0                                                      
  Note                                                                          
    已到达柱子后侧低位，当前夹爪仍张开；先闭合形成推拨接触，再沿槽推动。        
STEP 001 · SET GRIPPER · RESULT RECORDED
Waiting for model decision 3 / 60 (step 2)...

STEP 002 · MOVE TO · REQUESTED ─────────────────────────────────────────────────
  Target                                                                        
  └── TCP pose                                                                  
      ├── Position (m)  x=0.58  y=0.42  z=0.1                                   
      └── Quaternion (xyzw)  qx=1  qy=0  qz=0  qw=0                             
  Note                                                                          
    夹爪已闭合并稳定，柱子位于前方槽内；沿槽向标记方向水平推拨，保持工具轴向    
    不变。                                                                      
STEP 002 · MOVE TO · RESULT RECORDED
Waiting for model decision 4 / 60 (step 3)...

STEP 003 · MOVE TO · REQUESTED ─────────────────────────────────────────────────
  Target                                                                        
  └── TCP pose                                                                  
      ├── Position (m)  x=0.58  y=0.53  z=0.1                                   
      └── Quaternion (xyzw)  qx=1  qy=0  qz=0  qw=0                             
  Note                                                                          
    柱子仍在槽中且未到标记，当前夹爪在其左侧；前移至柱侧建立可靠接触后再校正    
    。                                                                          
STEP 003 · MOVE TO · RESULT RECORDED
Waiting for model decision 5 / 60 (step 4)...

STEP 004 · MOVE TO · REQUESTED ─────────────────────────────────────────────────
  Target                                                                        
  └── TCP pose                                                                  
      ├── Position (m)  x=0.58  y=0.48  z=0.1                                   
      └── Quaternion (xyzw)  qx=1  qy=0  qz=0  qw=0                             
  Note                                                                          
    已贴近柱子并保持闭合，沿槽向标记位置推动，随后观察柱子是否到达红色标记。    
STEP 004 · MOVE TO · RESULT RECORDED
Waiting for model decision 6 / 60 (step 5)...

STEP 005 · MOVE TO · REQUESTED ─────────────────────────────────────────────────
  Target                                                                        
  └── TCP pose                                                                  
      ├── Position (m)  x=0.58  y=0.38  z=0.1                                   
      └── Quaternion (xyzw)  qx=1  qy=0  qz=0  qw=0                             
  Note                                                                          
    柱子仍可见于槽中，继续沿同一水平接触方向推至红色标记，避免改变工具朝向。    
STEP 005 · MOVE TO · RESULT RECORDED
Waiting for model decision 7 / 60 (step 6)...

STEP 006 · SET GRIPPER · REQUESTED ─────────────────────────────────────────────
  Gripper opening (0–1)  1                                                      
  Note                                                                          
    推拨阶段完成但柱子视觉位置基本未变，先张开夹爪并抬离槽面，改为直接对准抓    
    取。                                                                        
STEP 006 · SET GRIPPER · RESULT RECORDED
Waiting for model decision 8 / 60 (step 7)...

STEP 007 · MOVE EEF CHUNK · REQUESTED ──────────────────────────────────────────
  Waypoints                                                                     
  ├── Waypoint 1                                                                
  │   └── TCP pose                                                              
  │       ├── Position (m)  x=0.58  y=0.56  z=0.3                               
  │       └── Quaternion (xyzw)  qx=1  qy=0  qz=0  qw=0                         
  └── Waypoint 2                                                                
      └── TCP pose                                                              
          ├── Position (m)  x=0.58  y=0.56  z=0.06                              
          └── Quaternion (xyzw)  qx=1  qy=0  qz=0  qw=0                         
  Note                                                                          
    夹爪已张开，直接移动到柱子正上方并下降到其顶部，准备可靠闭合抓取。          
STEP 007 · MOVE EEF CHUNK · RESULT RECORDED
Waiting for model decision 9 / 60 (step 8)...

STEP 008 · SET GRIPPER · REQUESTED ─────────────────────────────────────────────
  Gripper opening (0–1)  0                                                      
  Note                                                                          
    已在柱子上方低位对准，夹爪张开且柱子可见；先闭合抓取并观察夹持反馈。        
STEP 008 · SET GRIPPER · RESULT RECORDED
Waiting for model decision 10 / 60 (step 9)...

STEP 009 · MOVE TO · REQUESTED ─────────────────────────────────────────────────
  Target                                                                        
  └── TCP pose                                                                  
      ├── Position (m)  x=0.58  y=0.56  z=0.3                                   
      └── Quaternion (xyzw)  qx=1  qy=0  qz=0  qw=0                             
  Note                                                                          
    夹爪已闭合但扭矩仍低，先垂直抬升检查柱子是否被可靠带起，避免盲目搬运。      
STEP 009 · MOVE TO · RESULT RECORDED
Waiting for model decision 11 / 60 (step 10)...

STEP 010 · MOVE TO · REQUESTED ─────────────────────────────────────────────────
  Target                                                                        
  └── TCP pose                                                                  
      ├── Position (m)  x=0.58  y=0.56  z=0.04                                  
      └── Quaternion (xyzw)  qx=1  qy=0  qz=0  qw=0                             
  Note                                                                          
    抬升确认柱子仍在桌面，抓取未成功；重新从正上方下降到柱顶，准备再次闭合。    
STEP 010 · MOVE TO · RESULT RECORDED
Waiting for model decision 12 / 60 (step 11)...

STEP 011 · SET GRIPPER · REQUESTED ─────────────────────────────────────────────
  Gripper opening (0–1)  1                                                      
  Note                                                                          
    当前低位对准柱子但此前闭合未夹持，先完全张开以清除旧状态，再重新闭合抓取    
    。                                                                          
STEP 011 · SET GRIPPER · RESULT RECORDED
Waiting for model decision 13 / 60 (step 12)...

STEP 012 · SET GRIPPER · REQUESTED ─────────────────────────────────────────────
  Gripper opening (0–1)  0                                                      
  Note                                                                          
    夹爪已重新张开且柱子位于指尖间，现闭合建立夹持；随后抬升验证是否随动。      
STEP 012 · SET GRIPPER · RESULT RECORDED
Waiting for model decision 14 / 60 (step 13)...

STEP 013 · MOVE TO · REQUESTED ─────────────────────────────────────────────────
  Target                                                                        
  └── TCP pose                                                                  
      ├── Position (m)  x=0.58  y=0.56  z=0.015                                 
      └── Quaternion (xyzw)  qx=1  qy=0  qz=0  qw=0                             
  Note                                                                          
    闭合后扭矩仍低且柱子未被带起，夹爪可能偏高；小幅下降到柱体中心高度以建立    
    真实接触。                                                                  
STEP 013 · MOVE TO · RESULT RECORDED
Waiting for model decision 15 / 60 (step 14)...

STEP 014 · MOVE TO · REQUESTED ─────────────────────────────────────────────────
  Target                                                                        
  └── TCP pose                                                                  
      ├── Position (m)  x=0.58  y=0.56  z=0.3                                   
      └── Quaternion (xyzw)  qx=1  qy=0  qz=0  qw=0                             
  Note                                                                          
    已降至柱体高度并闭合，进行一次垂直抬升确认；若柱子随动再搬运至盒子。        
STEP 014 · MOVE TO · RESULT RECORDED
Waiting for model decision 16 / 60 (step 15)...

STEP 015 · SET GRIPPER · REQUESTED ─────────────────────────────────────────────
  Gripper opening (0–1)  1                                                      
  Note                                                                          
    抬升后柱子仍留在桌面且夹持扭矩低，确认未抓住；先张开并重新对准柱心。        
STEP 015 · SET GRIPPER · RESULT RECORDED
Waiting for model decision 17 / 60 (step 16)...

STEP 016 · MOVE TO · REQUESTED ─────────────────────────────────────────────────
  Target                                                                        
  └── TCP pose                                                                  
      ├── Position (m)  x=0.56  y=0.5  z=0.04                                   
      └── Quaternion (xyzw)  qx=1  qy=0  qz=0  qw=0                             
  Note                                                                          
    柱子位于约(0.56,0.50)，从上方低位精确对准其中心，保持工具方向竖直。         
STEP 016 · MOVE TO · RESULT RECORDED
Waiting for model decision 18 / 60 (step 17)...

STEP 017 · SET GRIPPER · REQUESTED ─────────────────────────────────────────────
  Gripper opening (0–1)  0                                                      
  Note                                                                          
    已在柱心低位且夹爪张开，闭合尝试夹持；随后依据扭矩与随动验证抓取。          
STEP 017 · SET GRIPPER · RESULT RECORDED
Waiting for model decision 19 / 60 (step 18)...

STEP 018 · MOVE TO · REQUESTED ─────────────────────────────────────────────────
  Target                                                                        
  └── TCP pose                                                                  
      ├── Position (m)  x=0.56  y=0.5  z=0.3                                    
      └── Quaternion (xyzw)  qx=1  qy=0  qz=0  qw=0                             
  Note                                                                          
    闭合后抬升验证柱子是否随夹爪上升；观察柱子与夹爪相对位置及夹持反馈。        
STEP 018 · MOVE TO · RESULT RECORDED
Waiting for model decision 20 / 60 (step 19)...

STEP 019 · SET GRIPPER · REQUESTED ─────────────────────────────────────────────
  Gripper opening (0–1)  1                                                      
  Note                                                                          
    柱子仍未随动且夹持扭矩低，当前抓取失败；张开后降低到桌面高度重新建立接触    
    。                                                                          
STEP 019 · SET GRIPPER · RESULT RECORDED
Waiting for model decision 21 / 60 (step 20)...

STEP 020 · MOVE TO · REQUESTED ─────────────────────────────────────────────────
  Target                                                                        
  └── TCP pose                                                                  
      ├── Position (m)  x=0.56  y=0.5  z=0.0                                    
      └── Quaternion (xyzw)  qx=1  qy=0  qz=0  qw=0                             
  Note                                                                          
    夹爪已张开，下降至桌面接触高度以包络柱子底部，保持竖直方向。                
STEP 020 · MOVE TO · RESULT RECORDED
Waiting for model decision 22 / 60 (step 21)...

STEP 021 · SET GRIPPER · REQUESTED ─────────────────────────────────────────────
  Gripper opening (0–1)  0                                                      
  Note                                                                          
    夹爪已降至柱子底部并对准中心，闭合建立夹持后再抬升确认。                    
STEP 021 · SET GRIPPER · RESULT RECORDED
Waiting for model decision 23 / 60 (step 22)...

STEP 022 · MOVE TO · REQUESTED ─────────────────────────────────────────────────
  Target                                                                        
  └── TCP pose                                                                  
      ├── Position (m)  x=0.56  y=0.5  z=0.3                                    
      └── Quaternion (xyzw)  qx=1  qy=0  qz=0  qw=0                             
  Note                                                                          
    夹爪已在柱子底部闭合，先垂直抬升验证是否可靠夹持，确认随动后再搬运。        
STEP 022 · MOVE TO · RESULT RECORDED
Waiting for model decision 24 / 60 (step 23)...

STEP 023 · SET GRIPPER · REQUESTED ─────────────────────────────────────────────
  Gripper opening (0–1)  1                                                      
  Note                                                                          
    抬升后柱子仍留在桌面，确认当前抓取失败；先张开夹爪并重新从柱心低位接近。    
STEP 023 · SET GRIPPER · RESULT RECORDED
Waiting for model decision 25 / 60 (step 24)...

STEP 024 · MOVE TO · REQUESTED ─────────────────────────────────────────────────
  Target                                                                        
  └── TCP pose                                                                  
      ├── Position (m)  x=0.56  y=0.5  z=0.02                                   
      └── Quaternion (xyzw)  qx=1  qy=0  qz=0  qw=0                             
  Note                                                                          
    夹爪已张开，沿同一竖直方向下降到柱体中心高度，准备重新闭合并验证夹持。      
STEP 024 · MOVE TO · RESULT RECORDED
Waiting for model decision 26 / 60 (step 25)...

STEP 025 · SET GRIPPER · REQUESTED ─────────────────────────────────────────────
  Gripper opening (0–1)  0                                                      
  Note                                                                          
    当前夹爪已降到柱体中心高度且柱子位于指尖间，闭合后观察扭矩与抬升随动。      
STEP 025 · SET GRIPPER · RESULT RECORDED
Waiting for model decision 27 / 60 (step 26)...

STEP 026 · MOVE TO · REQUESTED ─────────────────────────────────────────────────
  Target                                                                        
  └── TCP pose                                                                  
      ├── Position (m)  x=0.56  y=0.5  z=0.3                                    
      └── Quaternion (xyzw)  qx=1  qy=0  qz=0  qw=0                             
  Note                                                                          
    闭合后先垂直抬升验证柱子是否随夹爪上升；根据视觉位置决定是否继续搬运。      
STEP 026 · MOVE TO · RESULT RECORDED
Waiting for model decision 28 / 60 (step 27)...

STEP 027 · SET GRIPPER · REQUESTED ─────────────────────────────────────────────
  Gripper opening (0–1)  1                                                      
  Note                                                                          
    再次抬升后柱子仍在桌面，确认正上方闭合未夹住；张开后改从侧向贴近柱体。      
STEP 027 · SET GRIPPER · RESULT RECORDED
Waiting for model decision 29 / 60 (step 28)...

STEP 028 · MOVE TO · REQUESTED ─────────────────────────────────────────────────
  Target                                                                        
  └── TCP pose                                                                  
      ├── Position (m)  x=0.56  y=0.53  z=0.04                                  
      └── Quaternion (xyzw)  qx=1  qy=0  qz=0  qw=0                             
  Note                                                                          
    夹爪张开后从柱子侧后方低位接近，随后沿 y 方向回移建立侧向接触。             
STEP 028 · MOVE TO · RESULT RECORDED
Waiting for model decision 30 / 60 (step 29)...

STEP 029 · MOVE TO · REQUESTED ─────────────────────────────────────────────────
  Target                                                                        
  └── TCP pose                                                                  
      ├── Position (m)  x=0.56  y=0.48  z=0.04                                  
      └── Quaternion (xyzw)  qx=1  qy=0  qz=0  qw=0                             
  Note                                                                          
    已从侧后方低位接近柱子，保持竖直方向回移以建立稳定侧向接触。                
STEP 029 · MOVE TO · RESULT RECORDED
Waiting for model decision 31 / 60 (step 30)...

STEP 030 · SET GRIPPER · REQUESTED ─────────────────────────────────────────────
  Gripper opening (0–1)  0                                                      
  Note                                                                          
    夹爪已位于柱子侧方低位并稳定，闭合以建立侧向夹持接触，随后抬升验证随动。    
STEP 030 · SET GRIPPER · RESULT RECORDED
Waiting for model decision 32 / 60 (step 31)...

STEP 031 · MOVE TO · REQUESTED ─────────────────────────────────────────────────
  Target                                                                        
  └── TCP pose                                                                  
      ├── Position (m)  x=0.56  y=0.48  z=0.3                                   
      └── Quaternion (xyzw)  qx=1  qy=0  qz=0  qw=0                             
  Note                                                                          
    闭合后先垂直抬升验证柱子是否随夹爪移动，确认可靠抓取再搬运。                
STEP 031 · MOVE TO · RESULT RECORDED
Waiting for model decision 33 / 60 (step 32)...

STEP 032 · SET GRIPPER · REQUESTED ─────────────────────────────────────────────
  Gripper opening (0–1)  1                                                      
  Note                                                                          
    抬升验证显示柱子仍在桌面，侧向夹持未成功；先张开清除旧状态，再精确对准柱    
    心。                                                                        
STEP 032 · SET GRIPPER · RESULT RECORDED
Waiting for model decision 34 / 60 (step 33)...

STEP 033 · MOVE TO · REQUESTED ─────────────────────────────────────────────────
  Target                                                                        
  └── TCP pose                                                                  
      ├── Position (m)  x=0.56  y=0.5  z=0.0                                    
      └── Quaternion (xyzw)  qx=1  qy=0  qz=0  qw=0                             
  Note                                                                          
    夹爪已张开，精确移动到柱子中心并降至桌面接触高度，准备重新闭合。            
STEP 033 · MOVE TO · RESULT RECORDED
Waiting for model decision 35 / 60 (step 34)...

STEP 034 · SET GRIPPER · REQUESTED ─────────────────────────────────────────────
  Gripper opening (0–1)  0                                                      
  Note                                                                          
    当前TCP已精确对准柱心并落到桌面，闭合夹爪形成包络夹持后验证。               
STEP 034 · SET GRIPPER · RESULT RECORDED
Waiting for model decision 36 / 60 (step 35)...

STEP 035 · MOVE TO · REQUESTED ─────────────────────────────────────────────────
  Target                                                                        
  └── TCP pose                                                                  
      ├── Position (m)  x=0.56  y=0.5  z=0.3                                    
      └── Quaternion (xyzw)  qx=1  qy=0  qz=0  qw=0                             
  Note                                                                          
    已在柱心底部闭合，抬升检查柱子是否随动；若仍留桌面将改用推拨入盒。          
STEP 035 · MOVE TO · RESULT RECORDED
Waiting for model decision 37 / 60 (step 36)...

STEP 036 · MOVE EEF CHUNK · REQUESTED ──────────────────────────────────────────
  Waypoints                                                                     
  ├── Waypoint 1                                                                
  │   └── TCP pose                                                              
  │       ├── Position (m)  x=0.56  y=0.56  z=0.1                               
  │       └── Quaternion (xyzw)  qx=1  qy=0  qz=0  qw=0                         
  └── Waypoint 2                                                                
      └── TCP pose                                                              
          ├── Position (m)  x=0.56  y=0.4  z=0.1                                
          └── Quaternion (xyzw)  qx=1  qy=0  qz=0  qw=0                         
  Note                                                                          
    柱子仍在桌面且抓取未形成，改回历史推拨策略；从后侧低位接触并沿槽推向红色    
    标记。                                                                      
STEP 036 · MOVE EEF CHUNK · RESULT RECORDED
Waiting for model decision 38 / 60 (step 37)...

STEP 037 · MOVE EEF CHUNK · REQUESTED ──────────────────────────────────────────
  Waypoints                                                                     
  ├── Waypoint 1                                                                
  │   └── TCP pose                                                              
  │       ├── Position (m)  x=0.6  y=0.5  z=0.1                                 
  │       └── Quaternion (xyzw)  qx=1  qy=0  qz=0  qw=0                         
  └── Waypoint 2                                                                
      └── TCP pose                                                              
          ├── Position (m)  x=0.48  y=0.5  z=0.1                                
          └── Quaternion (xyzw)  qx=1  qy=0  qz=0  qw=0                         
  Note                                                                          
    先修正到柱子后方，沿红色标记方向推动；保持低位竖直接触以避免再次错向。      
STEP 037 · MOVE EEF CHUNK · RESULT RECORDED
Waiting for model decision 39 / 60 (step 38)...

STEP 038 · SET GRIPPER · REQUESTED ─────────────────────────────────────────────
  Gripper opening (0–1)  1                                                      
  Note                                                                          
    柱子已被推到红色标记位置，当前夹爪闭合但未夹持；先张开再从正上方重新抓取    
    。                                                                          
STEP 038 · SET GRIPPER · RESULT RECORDED
Waiting for model decision 40 / 60 (step 39)...

STEP 039 · MOVE EEF CHUNK · REQUESTED ──────────────────────────────────────────
  Waypoints                                                                     
  ├── Waypoint 1                                                                
  │   └── TCP pose                                                              
  │       ├── Position (m)  x=0.5  y=0.5  z=0.3                                 
  │       └── Quaternion (xyzw)  qx=1  qy=0  qz=0  qw=0                         
  └── Waypoint 2                                                                
      └── TCP pose                                                              
          ├── Position (m)  x=0.5  y=0.5  z=0.06                                
          └── Quaternion (xyzw)  qx=1  qy=0  qz=0  qw=0                         
  Note                                                                          
    柱子已在标记处且夹爪张开，先到其正上方再下降至低位，准备闭合抓取。          
STEP 039 · MOVE EEF CHUNK · RESULT RECORDED
Waiting for model decision 41 / 60 (step 40)...

STEP 040 · SET GRIPPER · REQUESTED ─────────────────────────────────────────────
  Gripper opening (0–1)  0                                                      
  Note                                                                          
    已降到柱子顶部低位且位置对准，闭合夹爪并随后抬升验证是否形成夹持。          
STEP 040 · SET GRIPPER · RESULT RECORDED
Waiting for model decision 42 / 60 (step 41)...

STEP 041 · MOVE TO · REQUESTED ─────────────────────────────────────────────────
  Target                                                                        
  └── TCP pose                                                                  
      ├── Position (m)  x=0.5  y=0.5  z=0.3                                     
      └── Quaternion (xyzw)  qx=1  qy=0  qz=0  qw=0                             
  Note                                                                          
    夹爪已闭合，垂直抬升检查柱子是否随动；确认后再搬运到盒子。                  
STEP 041 · MOVE TO · RESULT RECORDED
Waiting for model decision 43 / 60 (step 42)...

STEP 042 · MOVE EEF CHUNK · REQUESTED ──────────────────────────────────────────
  Waypoints                                                                     
  ├── Waypoint 1                                                                
  │   └── TCP pose                                                              
  │       ├── Position (m)  x=0.6  y=0.54  z=0.1                                
  │       └── Quaternion (xyzw)  qx=1  qy=0  qz=0  qw=0                         
  └── Waypoint 2                                                                
      └── TCP pose                                                              
          ├── Position (m)  x=0.3  y=0.33  z=0.1                                
          └── Quaternion (xyzw)  qx=1  qy=0  qz=0  qw=0                         
  Note                                                                          
    反复垂直抓取仍未带起柱子，改用闭合夹爪持续推送；从柱子后方沿盒子方向移动    
    ，尝试直接将柱子推入盒内。                                                  
STEP 042 · MOVE EEF CHUNK · RESULT RECORDED
Waiting for model decision 44 / 60 (step 43)...

STEP 043 · SET GRIPPER · REQUESTED ─────────────────────────────────────────────
  Gripper opening (0–1)  1                                                      
  Note                                                                          
    当前柱子仍在桌面原位，推送未接触成功；先张开夹爪，准备重新从柱心接近。      
STEP 043 · SET GRIPPER · RESULT RECORDED
Waiting for model decision 45 / 60 (step 44)...

STEP 044 · MOVE EEF CHUNK · REQUESTED ──────────────────────────────────────────
  Waypoints                                                                     
  ├── Waypoint 1                                                                
  │   └── TCP pose                                                              
  │       ├── Position (m)  x=0.56  y=0.56  z=0.3                               
  │       └── Quaternion (xyzw)  qx=1  qy=0  qz=0  qw=0                         
  └── Waypoint 2                                                                
      └── TCP pose                                                              
          ├── Position (m)  x=0.56  y=0.56  z=0.04                              
          └── Quaternion (xyzw)  qx=1  qy=0  qz=0  qw=0                         
  Note                                                                          
    柱子仍位于约(0.56,0.56)，夹爪已张开；先到正上方再下降至低位，准备可靠夹     
    持。                                                                        
STEP 044 · MOVE EEF CHUNK · RESULT RECORDED
Waiting for model decision 46 / 60 (step 45)...

STEP 045 · SET GRIPPER · REQUESTED ─────────────────────────────────────────────
  Gripper opening (0–1)  0                                                      
  Note                                                                          
    已在柱子中心低位，柱子位于张开指尖间；闭合后观察夹持反馈再抬升。            
STEP 045 · SET GRIPPER · RESULT RECORDED
Waiting for model decision 47 / 60 (step 46)...

STEP 046 · MOVE TO · REQUESTED ─────────────────────────────────────────────────
  Target                                                                        
  └── TCP pose                                                                  
      ├── Position (m)  x=0.56  y=0.56  z=0.3                                   
      └── Quaternion (xyzw)  qx=1  qy=0  qz=0  qw=0                             
  Note                                                                          
    夹爪已闭合但扭矩仍低，先垂直抬升验证柱子是否随动，避免盲目搬运。            
STEP 046 · MOVE TO · RESULT RECORDED
Waiting for model decision 48 / 60 (step 47)...

STEP 047 · MOVE EEF CHUNK · REQUESTED ──────────────────────────────────────────
  Waypoints                                                                     
  ├── Waypoint 1                                                                
  │   └── TCP pose                                                              
  │       ├── Position (m)  x=0.56  y=0.62  z=0.1                               
  │       └── Quaternion (xyzw)  qx=1  qy=0  qz=0  qw=0                         
  └── Waypoint 2                                                                
      └── TCP pose                                                              
          ├── Position (m)  x=0.3  y=0.33  z=0.1                                
          └── Quaternion (xyzw)  qx=1  qy=0  qz=0  qw=0                         
  Note                                                                          
    垂直抓取未带起柱子，改用闭合夹爪从柱子后方持续推送，沿盒子方向低位移动。    
STEP 047 · MOVE EEF CHUNK · RESULT RECORDED
Waiting for model decision 49 / 60 (step 48)...

STEP 048 · MOVE EEF CHUNK · REQUESTED ──────────────────────────────────────────
  Waypoints                                                                     
  ├── Waypoint 1                                                                
  │   └── TCP pose                                                              
  │       ├── Position (m)  x=0.56  y=0.6  z=0.02                               
  │       └── Quaternion (xyzw)  qx=1  qy=0  qz=0  qw=0                         
  ├── Waypoint 2                                                                
  │   └── TCP pose                                                              
  │       ├── Position (m)  x=0.56  y=0.5  z=0.02                               
  │       └── Quaternion (xyzw)  qx=1  qy=0  qz=0  qw=0                         
  └── Waypoint 3                                                                
      └── TCP pose                                                              
          ├── Position (m)  x=0.48  y=0.5  z=0.02                               
          └── Quaternion (xyzw)  qx=1  qy=0  qz=0  qw=0                         
  Note                                                                          
    前次推送高度过高未接触柱子；降到桌面近旁，从后侧沿槽低位推至标记。          
STEP 048 · MOVE EEF CHUNK · RESULT RECORDED
Waiting for model decision 50 / 60 (step 49)...

STEP 049 · MOVE EEF CHUNK · REQUESTED ──────────────────────────────────────────
  Waypoints                                                                     
  ├── Waypoint 1                                                                
  │   └── TCP pose                                                              
  │       ├── Position (m)  x=0.56  y=0.56  z=0.02                              
  │       └── Quaternion (xyzw)  qx=1  qy=0  qz=0  qw=0                         
  └── Waypoint 2                                                                
      └── TCP pose                                                              
          ├── Position (m)  x=0.3  y=0.33  z=0.02                               
          └── Quaternion (xyzw)  qx=1  qy=0  qz=0  qw=0                         
  Note                                                                          
    柱子已被低位推到红色标记附近；保持闭合并从后侧沿盒子方向继续推入盒内。      
STEP 049 · MOVE EEF CHUNK · RESULT RECORDED
Waiting for model decision 51 / 60 (step 50)...

STEP 050 · MOVE EEF CHUNK · REQUESTED ──────────────────────────────────────────
  Waypoints                                                                     
  ├── Waypoint 1                                                                
  │   └── TCP pose                                                              
  │       ├── Position (m)  x=0.56  y=0.56  z=0.02                              
  │       └── Quaternion (xyzw)  qx=1  qy=0  qz=0  qw=0                         
  ├── Waypoint 2                                                                
  │   └── TCP pose                                                              
  │       ├── Position (m)  x=0.5  y=0.5  z=0.02                                
  │       └── Quaternion (xyzw)  qx=1  qy=0  qz=0  qw=0                         
  └── Waypoint 3                                                                
      └── TCP pose                                                              
          ├── Position (m)  x=0.3  y=0.33  z=0.02                               
          └── Quaternion (xyzw)  qx=1  qy=0  qz=0  qw=0                         
  Note                                                                          
    当前柱子仍在标记附近且夹爪闭合，先从其后方低位对准，再沿盒子方向持续推入    
    。                                                                          
STEP 050 · MOVE EEF CHUNK · RESULT RECORDED
Waiting for model decision 52 / 60 (step 51)...

STEP 051 · SET GRIPPER · REQUESTED ─────────────────────────────────────────────
  Gripper opening (0–1)  1                                                      
  Note                                                                          
    柱子视觉仍在标记处，持续推拨未产生位移；先张开夹爪，准备精确对准柱心重新    
    抓取。                                                                      
STEP 051 · SET GRIPPER · RESULT RECORDED
Waiting for model decision 53 / 60 (step 52)...

STEP 052 · MOVE EEF CHUNK · REQUESTED ──────────────────────────────────────────
  Waypoints                                                                     
  ├── Waypoint 1                                                                
  │   └── TCP pose                                                              
  │       ├── Position (m)  x=0.5  y=0.47  z=0.3                                
  │       └── Quaternion (xyzw)  qx=1  qy=0  qz=0  qw=0                         
  └── Waypoint 2                                                                
      └── TCP pose                                                              
          ├── Position (m)  x=0.5  y=0.47  z=0.04                               
          └── Quaternion (xyzw)  qx=1  qy=0  qz=0  qw=0                         
  Note                                                                          
    柱子仍清晰位于标记下方，夹爪已张开；从正上方精确对准其中心并下降到低位。    
STEP 052 · MOVE EEF CHUNK · RESULT RECORDED
Waiting for model decision 54 / 60 (step 53)...

STEP 053 · SET GRIPPER · REQUESTED ─────────────────────────────────────────────
  Gripper opening (0–1)  0                                                      
  Note                                                                          
    TCP已在柱子中心低位，柱子位于张开指尖间；闭合后抬升验证是否可靠夹持。       
STEP 053 · SET GRIPPER · RESULT RECORDED
Waiting for model decision 55 / 60 (step 54)...

STEP 054 · MOVE TO · REQUESTED ─────────────────────────────────────────────────
  Target                                                                        
  └── TCP pose                                                                  
      ├── Position (m)  x=0.5  y=0.47  z=0.3                                    
      └── Quaternion (xyzw)  qx=1  qy=0  qz=0  qw=0                             
  Note                                                                          
    夹爪已闭合但扭矩仍低，先垂直抬升确认柱子是否随动，避免盲目搬运。            
STEP 054 · MOVE TO · RESULT RECORDED
Waiting for model decision 56 / 60 (step 55)...

STEP 055 · MOVE EEF CHUNK · REQUESTED ──────────────────────────────────────────
  Waypoints                                                                     
  ├── Waypoint 1                                                                
  │   └── TCP pose                                                              
  │       ├── Position (m)  x=0.5  y=0.55  z=0.04                               
  │       └── Quaternion (xyzw)  qx=1  qy=0  qz=0  qw=0                         
  └── Waypoint 2                                                                
      └── TCP pose                                                              
          ├── Position (m)  x=0.5  y=0.5  z=0.04                                
          └── Quaternion (xyzw)  qx=1  qy=0  qz=0  qw=0                         
  Note                                                                          
    垂直抓取未带起柱子，改用闭合夹爪从其后侧低位贴近，沿槽向标记方向短推。      
STEP 055 · MOVE EEF CHUNK · RESULT RECORDED
Waiting for model decision 57 / 60 (step 56)...

STEP 056 · SET GRIPPER · REQUESTED ─────────────────────────────────────────────
  Gripper opening (0–1)  1                                                      
  Note                                                                          
    柱子仍未移动，当前接触中心可能偏差；先张开夹爪，改用更精确的横向中心定位    
    。                                                                          
STEP 056 · SET GRIPPER · RESULT RECORDED
Waiting for model decision 58 / 60 (step 57)...

STEP 057 · MOVE EEF CHUNK · REQUESTED ──────────────────────────────────────────
  Waypoints                                                                     
  ├── Waypoint 1                                                                
  │   └── TCP pose                                                              
  │       ├── Position (m)  x=0.56  y=0.5  z=0.04                               
  │       └── Quaternion (xyzw)  qx=1  qy=0  qz=0  qw=0                         
  ├── Waypoint 2                                                                
  │   └── TCP pose                                                              
  │       ├── Position (m)  x=0.5  y=0.5  z=0.04                                
  │       └── Quaternion (xyzw)  qx=1  qy=0  qz=0  qw=0                         
  └── Waypoint 3                                                                
      └── TCP pose                                                              
          ├── Position (m)  x=0.3  y=0.33  z=0.04                               
          └── Quaternion (xyzw)  qx=1  qy=0  qz=0  qw=0                         
  Note                                                                          
    从柱子右侧低位贴合，先推到标记再沿盒子方向推入盒内，保持竖直工具方向。      
STEP 057 · MOVE EEF CHUNK · RESULT RECORDED
Waiting for model decision 59 / 60 (step 58)...

STEP 058 · SET GRIPPER · REQUESTED ─────────────────────────────────────────────
  Gripper opening (0–1)  0                                                      
  Note                                                                          
    柱子仍停在红色标记处，夹爪已到盒旁且张开；先闭合建立低位推拨接触，再沿盒    
    子方向推进。                                                                
STEP 058 · SET GRIPPER · RESULT RECORDED
Waiting for model decision 60 / 60 (step 59)...

STEP 059 · MOVE EEF CHUNK · REQUESTED ──────────────────────────────────────────
  Waypoints                                                                     
  ├── Waypoint 1                                                                
  │   └── TCP pose                                                              
  │       ├── Position (m)  x=0.56  y=0.5  z=0.04                               
  │       └── Quaternion (xyzw)  qx=1  qy=0  qz=0  qw=0                         
  ├── Waypoint 2                                                                
  │   └── TCP pose                                                              
  │       ├── Position (m)  x=0.5  y=0.5  z=0.04                                
  │       └── Quaternion (xyzw)  qx=1  qy=0  qz=0  qw=0                         
  └── Waypoint 3                                                                
      └── TCP pose                                                              
          ├── Position (m)  x=0.3  y=0.33  z=0.04                               
          └── Quaternion (xyzw)  qx=1  qy=0  qz=0  qw=0                         
  Note                                                                          
    夹爪已闭合，从柱子右后侧低位接近并沿盒子方向连续推入，保持竖直工具方向。    
STEP 059 · MOVE EEF CHUNK · RESULT RECORDED
Decision budget exhausted (60). Returning home and saving recordings.
Returning home...

RETURN HOME · FEEDBACK ─────────────────────────────────────────────────────────
  Joint positions rad  [0.00039489564169884167, -0.4203472777671743,            
  -1.3629649640682717, 0.21654634665998596, -0.0012453212131858533,             
  0.0007866982279067532]                                                        
  Joint velocities rad s  [0.004119837965000267, 0.0008374782802200193,         
  -0.0009602123181357719, 1.6167494967709017e-05, 0.0033467260490963636,        
  0.005015272442643836]                                                         
  Joint torques nm  [0.4, 0.9, 0.6, 0.2, 0.1, 0.05]                             
  Joint command positions rad  [0.0, -0.4215639180196111, -1.364332619533904,   
  0.21510021075861863, 0.0, 0.0]                                                
  Tcp xyzrpy  [0.49975914527819043, -0.00037048032852664774,                    
  0.2999530872515269, 3.1414908295174437, 0.0003459075701046942,                
  4.671749823796154e-05]                                                        
  Tcp xyzquat  [0.49975914527819043, -0.00037048032852664774,                   
  0.2999530872515269, 1.0, 0.0, 0.0, 0.0]                                       
  Gripper position m  0.088                                                     
  Gripper normalized  1.0                                                       
  Gripper command normalized  1.0                                               
  Gripper velocity m s  0.0                                                     
  Gripper torque nm  0.25                                                       
  Gravity compensation  true                                                    
  Timestamp s  1790077886.4386168                                               
  Sim time s  155.9800000000043                                                 
  Home                                                                          
  ├── Source  gpt_policy_sim.return_home                                        
  ├── Time scale  1.0                                                           
  ├── Segment durations s  [3.0999999999999996, 3.8910152916687437]             
  ├── Target joint positions rad  [0.0, -0.4215639180196111,                    
  │   -1.364332619533904, 0.21510021075861863, 0.0, 0.0]                        
  ├── Max joint residual rad  0.001                                             
  ├── Gripper target normalized  1.0                                            
  └── Settle                                                                    
      ├── Settled  true                                                         
      ├── Method  simulated_synchronous                                         
      └── Window s  0.2                                                         
Home complete.

TASK · FAILED ──────────────────────────────────────────────────────────────────
Recording saved: 
/home/deneb/Projects/paper-scout/workspace/code/gpt-policy-sim/runs/T2_demo-vide
o_s1_20260922-193100_failed
[sim] ground-truth success=False (plug_in_box=False dist_xy=0.278 plug_z=0.008 grasped=None)
[sim] recording: /home/deneb/Projects/paper-scout/workspace/code/gpt-policy-sim/runs/T2_demo-video_s1_20260922-193100_failed

# cell finished rc=0 timeout=False wall=1227s
